MPASM 5.87  /HOME/YITANI/DESKTOP/GIT/COMP325   5-18-2026  13:34:36         PAGE  1


LOC  OBJECT CODE     LINE SOURCE TEXT
  VALUE

                      00001 #INCLUDE "p16f877a.inc"
                      00001         LIST
                      00002 
                      00003 ;==========================================================================
                      00004 ; Build date : Jan 06 2020
                      00005 ;  MPASM PIC16F877A processor include
                      00006 ; 
                      00007 ;  (c) Copyright 1999-2020 Microchip Technology, All rights reserved
                      00008 ;==========================================================================
                      00009 
                      00567         LIST
2007   3F3A           00002         __CONFIG _CP_OFF & _WDT_OFF & _PWRTE_OFF & _BODEN_OFF & _LVP_OFF & _HS_OSC
                      00003 
0000                  00004         ORG 0X00
                      00005 
  00000020            00006 KEY_ROW EQU     0x20
  00000021            00007 KEY_COL EQU     0x21
  00000022            00008 KEY_VAL EQU     0x22
  00000023            00009 TEMP    EQU     0x23
  00000024            00010 DEB_REG EQU     0x24
  00000025            00011 REG1    EQU     0x25
  00000026            00012 REG2    EQU     0x26
  00000027            00013 REG3    EQU     0x27
  00000029            00014 TEMP_C  EQU     0x29
  0000002A            00015 TENS    EQU     0x2A
  0000002B            00016 ONES    EQU     0x2B
                      00017 
                      00018 ;COUNTING LOGIC
  00000028            00019 PASSENGERS      EQU     0x28
  0000002C            00020 STATION_A_P     EQU     0x2C
  0000002D            00021 STATION_B_P     EQU     0x2D
  0000002E            00022 STATION_C_P     EQU     0x2E
  0000002F            00023 CURR_STATION    EQU     0x2F
  00000030            00024 REG4            EQU     0x30
                      00025 
                      00026 
0000                  00027 CONFI
0000   1683           00028         BSF     STATUS,RP0              ; Bank 1
                      00029 
0001   30EC           00030         MOVLW   B'11101100'             ; A0=Buzzer OUT, A1=Motor OUT, rest inputs
0002   0085           00031         MOVWF   TRISA
                      00032 
0003   300F           00033         MOVLW   B'00001111'             ; B7-B4 outputs (keypad rows), B3-B0 inputs (keypad cols)
0004   0086           00034         MOVWF   TRISB
                      00035 
0005   30BF           00036         MOVLW   B'10111111'             ; C7=RX input, C6=TX output, rest inputs
0006   0087           00037         MOVWF   TRISC
                      00038 
0007   0188           00039         CLRF    TRISD                   ; PORTD all output (LCD data)
                      00040 
0008   0189           00041         CLRF    TRISE                   ; PORTE all output (LCD control: RS, RW, EN)
                      00042 
0009   1381           00043         BCF     OPTION_REG,7            ; enable PORTB internal pull-ups
MPASM 5.87  /HOME/YITANI/DESKTOP/GIT/COMP325   5-18-2026  13:34:36         PAGE  2


LOC  OBJECT CODE     LINE SOURCE TEXT
  VALUE

                      00044 
000A   3004           00045         MOVLW   B'00000100'             ; A2 analog, rest digital
000B   009F           00046         MOVWF   ADCON1
                      00047 
000C   1283           00048         BCF     STATUS,RP0              ; Back to Bank 0
000D   3091           00049         MOVLW   B'10010001'
000E   009F           00050         MOVWF   ADCON0
                      00051 
000F                  00052 INIT
000F   0185           00053         CLRF    PORTA                   ; Buzzer OFF, Motor OFF
0010   0186           00054         CLRF    PORTB                   ; Keypad row outputs LOW
0011   1707           00055         BSF     PORTC,6                 ; TX idle state HIGH
0012   0188           00056         CLRF    PORTD                   ; LCD data cleared
0013   0189           00057         CLRF    PORTE                   ; LCD control cleared
0014   20A9           00058         CALL    CONFILCD
                      00059 
0015                  00060 MAIN
0015   2019           00061         CALL    REFRESH_LCD
0016   2086           00062         CALL    CHECK_TEMP
0017   2159           00063         CALL    DELAY2S
0018   2815           00064         GOTO    MAIN
                      00065 
                      00066 
                      00067 
                      00068 
                      00069 
0019                  00070 REFRESH_LCD
0019   3001           00071         MOVLW   H'01'
001A   20B3           00072         CALL    COMMAND
001B   214C           00073         CALL    DELAY3MS
001C   201E           00074         CALL    INIT_LCD
001D   0008           00075         RETURN
                      00076 
001E                  00077 INIT_LCD
001E   3043           00078         MOVLW   'C'
001F   20BC           00079         CALL    CHAR
0020   3055           00080         MOVLW   'U'
0021   20BC           00081         CALL    CHAR
0022   3052           00082         MOVLW   'R'
0023   20BC           00083         CALL    CHAR
0024   3052           00084         MOVLW   'R'
0025   20BC           00085         CALL    CHAR
0026   303A           00086         MOVLW   ':'
0027   20BC           00087         CALL    CHAR
0028   207F           00088         CALL    GET_CURR_STATION
0029   20BC           00089         CALL    CHAR
002A   3020           00090         MOVLW   ' '
002B   20BC           00091         CALL    CHAR
002C   3020           00092         MOVLW   ' '
002D   20BC           00093         CALL    CHAR
002E   3020           00094         MOVLW   ' '
002F   20BC           00095         CALL    CHAR
0030   3020           00096         MOVLW   ' '
MPASM 5.87  /HOME/YITANI/DESKTOP/GIT/COMP325   5-18-2026  13:34:36         PAGE  3


LOC  OBJECT CODE     LINE SOURCE TEXT
  VALUE

0031   20BC           00097         CALL    CHAR
0032   304E           00098         MOVLW   'N'
0033   20BC           00099         CALL    CHAR
0034   3045           00100         MOVLW   'E'
0035   20BC           00101         CALL    CHAR
0036   3058           00102         MOVLW   'X'
0037   20BC           00103         CALL    CHAR
0038   3054           00104         MOVLW   'T'
0039   20BC           00105         CALL    CHAR
003A   303A           00106         MOVLW   ':'
003B   20BC           00107         CALL    CHAR
003C   302D           00108         MOVLW   '-'
003D   20BC           00109         CALL    CHAR
                      00110 
003E   30C0           00111         MOVLW   0xC0
003F   20B3           00112         CALL    COMMAND
0040   3054           00113         MOVLW   'T'
0041   20BC           00114         CALL    CHAR
0042   3045           00115         MOVLW   'E'
0043   20BC           00116         CALL    CHAR
0044   304D           00117         MOVLW   'M'
0045   20BC           00118         CALL    CHAR
0046   3050           00119         MOVLW   'P'
0047   20BC           00120         CALL    CHAR
0048   303A           00121         MOVLW   ':'
0049   20BC           00122         CALL    CHAR
004A   2098           00123         CALL    READ_LM35DZ
004B   082A           00124         MOVF    TENS,W
004C   3E30           00125         ADDLW   '0'
004D   20BC           00126         CALL    CHAR
004E   082B           00127         MOVF    ONES,W
004F   3E30           00128         ADDLW   '0'
0050   20BC           00129         CALL    CHAR
0051   30DF           00130         MOVLW   0xDF    ; ° symbol
0052   20BC           00131         CALL    CHAR
0053   3043           00132         MOVLW   'C'
0054   20BC           00133         CALL    CHAR
0055   3020           00134         MOVLW   ' '
0056   20BC           00135         CALL    CHAR
0057   3050           00136         MOVLW   'P'
0058   20BC           00137         CALL    CHAR
0059   3041           00138         MOVLW   'A'
005A   20BC           00139         CALL    CHAR
005B   3058           00140         MOVLW   'X'
005C   20BC           00141         CALL    CHAR
005D   303A           00142         MOVLW   ':'
005E   20BC           00143         CALL    CHAR
005F   302D           00144         MOVLW   '-'
0060   20BC           00145         CALL    CHAR
0061   302D           00146         MOVLW   '-'
0062   20BC           00147         CALL    CHAR
                      00148 
0063   0008           00149         RETURN
MPASM 5.87  /HOME/YITANI/DESKTOP/GIT/COMP325   5-18-2026  13:34:36         PAGE  4


LOC  OBJECT CODE     LINE SOURCE TEXT
  VALUE

                      00150 
0064                  00151 CHECK_STATION_A_BTN
0064   1887           00152         BTFSC   PORTC,1
0065   0008           00153         RETURN
0066                  00154 TEST_CLICK_A
0066   1C87           00155         BTFSS   PORTC,1
0067   2866           00156         GOTO    TEST_CLICK_A
0068                  00157 TEST_RELEASE_A
0068   1887           00158         BTFSC   PORTC,1
0069   2868           00159         GOTO    TEST_RELEASE_A
006A   0AAC           00160         INCF    STATION_A_P,F
006B   0008           00161         RETURN
                      00162 
006C                  00163 CHECK_STATION_B_BTN
006C   1987           00164         BTFSC   PORTC,3
006D   0008           00165         RETURN
006E                  00166 TEST_CLICK_B
006E   1D87           00167         BTFSS   PORTC,3
006F   286E           00168         GOTO    TEST_CLICK_B
0070                  00169 TEST_RELEASE_B
0070   1987           00170         BTFSC   PORTC,3
0071   2870           00171         GOTO    TEST_RELEASE_B
0072   0AAD           00172         INCF    STATION_B_P
0073   0008           00173         RETURN
                      00174 
0074                  00175 CHECK_STATION_C_BTN
0074   1A87           00176         BTFSC   PORTC,5
0075   0008           00177         RETURN
0076                  00178 TEST_CLICK_C
0076   1E87           00179         BTFSS   PORTC,5
0077   2876           00180         GOTO    TEST_CLICK_C
0078                  00181 TEST_RELEASE_C
0078   1A87           00182         BTFSC   PORTC,5
0079   2878           00183         GOTO    TEST_RELEASE_C
007A   0AAE           00184         INCF    STATION_C_P
007B   0008           00185         RETURN
                      00186 
007C                  00187 GET_SET_CURR_STATION
007C   207F           00188         CALL GET_CURR_STATION
007D   00AF           00189         MOVWF CURR_STATION
007E   0008           00190         RETURN
007F                  00191 GET_CURR_STATION
007F   1C07           00192         BTFSS   PORTC,0
0080   3441           00193         RETLW   'A'
0081   1D07           00194         BTFSS   PORTC,2
0082   3442           00195         RETLW   'B'
0083   1E07           00196         BTFSS   PORTC,4
0084   3443           00197         RETLW   'C'
0085   287F           00198         GOTO    GET_CURR_STATION
                      00199 
                      00200 ; GET_NEXT_STATION
                      00201 ;       CALL    GET_CURR_STATION
                      00202 ;       MOVWF   TEMP
MPASM 5.87  /HOME/YITANI/DESKTOP/GIT/COMP325   5-18-2026  13:34:36         PAGE  5


LOC  OBJECT CODE     LINE SOURCE TEXT
  VALUE

                      00203 ;       XORLW   'A'
                      00204 ;       BTFSC   STATUS,Z
                      00205 ;       GOTO    STATION_A
                      00206 ;       MOVF    TEMP,W
                      00207 ;       XORLW   'B'
                      00208 ;       BTFSC   STATUS,Z
                      00209 ;       GOTO    STATION_B
                      00210 ;       MOVF    TEMP,W
                      00211 ;       XORLW   'C'
                      00212 ;       BTFSC   STATUS,Z
                      00213 ;       GOTO    STATION_C
                      00214 ;       RETLW   '-'
                      00215 
                      00216 ; need to implement STATION_X logic and count passengers on each station and rethink lcd logic
                      00217 
0086                  00218 STATION_A
                      00219 
                      00220         ;returns next station
                      00221 
                      00222 
0086                  00223 CHECK_TEMP      ; TO CALL AFTER READING SENSOR
0086   301E           00224         MOVLW   D'30'
0087   0229           00225         SUBWF   TEMP_C,W
0088   1803           00226         BTFSC   STATUS,C
0089   0008           00227         RETURN
008A   208C           00228         CALL    BUZZER_FIRE_ALARM
008B   0008           00229         RETURN
008C                  00230 BUZZER_FIRE_ALARM
008C   3005           00231         MOVLW D'5'
008D   00B0           00232         MOVWF REG4
008E   2092           00233         CALL FIRING
008F   0BB0           00234         DECFSZ REG4,F
0090   288E           00235         GOTO $-2
0091   0008           00236         RETURN
                      00237 
0092                  00238 FIRING
0092   1605           00239         BSF     PORTA,4
0093   1485           00240         BSF     PORTA,1
0094   2132           00241         CALL    DELAY500MS
0095   1005           00242         BCF     PORTA,0
0096   1085           00243         BCF     PORTA,1
0097   0008           00244         RETURN
                      00245 
0098                  00246 READ_LM35DZ
0098   151F           00247         BSF     ADCON0,2
0099                  00248 WAIT_ADC
0099   191F           00249         BTFSC   ADCON0,2
009A   2899           00250         GOTO    WAIT_ADC
009B   081E           00251         MOVF    ADRESH,W
009C   00A9           00252         MOVWF   TEMP_C
009D   1003           00253         BCF     STATUS,C
009E   0DA9           00254         RLF     TEMP_C,F        ;multiplied by 2
009F                  00255 SPLIT_DIGITS
MPASM 5.87  /HOME/YITANI/DESKTOP/GIT/COMP325   5-18-2026  13:34:36         PAGE  6


LOC  OBJECT CODE     LINE SOURCE TEXT
  VALUE

009F   0829           00256         MOVF    TEMP_C,W
00A0   00AB           00257         MOVWF   ONES
00A1   01AA           00258         CLRF    TENS
00A2                  00259 DIV_LOOP
00A2   300A           00260         MOVLW   D'10'
00A3   022B           00261         SUBWF   ONES,W
00A4   1C03           00262         BTFSS   STATUS,C
00A5   0008           00263         RETURN
00A6   00AB           00264         MOVWF   ONES
00A7   0AAA           00265         INCF    TENS,F
00A8   28A2           00266         GOTO    DIV_LOOP
                      00267 
                      00268 
                      00269 
00A9                  00270 CONFILCD
00A9   213F           00271         CALL DELAY20MS
00AA   303C           00272         MOVLW H'3C'     ;Function set(bits, lines, and font)
00AB   20B3           00273         CALL COMMAND
00AC   300C           00274         MOVLW H'0C'     ;display control
00AD   20B3           00275         CALL COMMAND
00AE   3006           00276         MOVLW H'06'     ;cursor moves right
00AF   20B3           00277         CALL COMMAND
00B0   3001           00278         MOVLW H'01'     ;clearing lcd
00B1   20B3           00279         CALL COMMAND
00B2   0008           00280         RETURN
                      00281 
                      00282 
00B3                  00283 COMMAND
00B3   1109           00284         BCF PORTE,2 ; RS=0
00B4   1009           00285         BCF PORTE,0 ; E= 0
00B5   0088           00286         MOVWF PORTD  ; SENDING THE BYTE TO THE DATA PORT OF LCD
00B6   0000           00287         NOP          ; SHORT DELAY 1 CYCLE
00B7   1409           00288         BSF PORTE,0  ;E= 1
00B8   0000           00289         NOP          ; DELAY OF THE ENABLE PULSE
00B9   1009           00290         BCF PORTE,0  ; E= 0
00BA   214C           00291         CALL DELAY3MS ; TIME OF EXECUTION
00BB   0008           00292         RETURN
                      00293 
00BC                  00294 CHAR
00BC   1509           00295         BSF PORTE,2    ; RS=1 (this is a character, not command)
00BD   1009           00296         BCF PORTE,0    ; EN=0 (make SURE enable is low to start)
00BE   0088           00297         MOVWF PORTD    ; put the byte on the data bus
00BF   0000           00298         NOP            ; let data settle on PORTD
00C0   1409           00299         BSF PORTE,0    ; EN=1 (raise enable — "I'm presenting data")
00C1   0000           00300         NOP            ; hold high briefly
00C2   1009           00301         BCF PORTE,0    ; EN=0 (drop enable — LCD LATCHES the data HERE)
00C3   214C           00302         CALL DELAY3MS  ; wait for LCD to finish processing
00C4   0008           00303         RETURN
                      00304 
                      00305 
                      00306 
                      00307 ;==========================================================
                      00308 ; SCAN_KEY
MPASM 5.87  /HOME/YITANI/DESKTOP/GIT/COMP325   5-18-2026  13:34:36         PAGE  7


LOC  OBJECT CODE     LINE SOURCE TEXT
  VALUE

                      00309 ; Scans the 4x4 keypad
                      00310 ; PORTB: B7-B4 = rows (outputs), B3-B0 = columns (inputs w/ pull-ups)
                      00311 ; Result: KEY_VAL holds ASCII of key pressed, or 0xFF if none
                      00312 ; Column mapping: B0=col0 (leftmost), B3=col3 (rightmost)
                      00313 ;==========================================================
00C5                  00314 SCAN_KEY
00C5   30FF           00315     MOVLW   0xFF
00C6   00A2           00316     MOVWF   KEY_VAL             ; default = no key pressed
                      00317 
                      00318     ; ---------- Row 0: drive B4 LOW ----------
00C7   307F           00319     MOVLW   B'01111111'
00C8   0086           00320     MOVWF   PORTB
00C9   211B           00321     CALL    DEBOUNCE
00CA   0806           00322     MOVF    PORTB,W
00CB   390F           00323     ANDLW   B'00001111'         ; isolate column bits
00CC   00A3           00324     MOVWF   TEMP                ; save for row handler
00CD   3A0F           00325     XORLW   B'00001111'         ; all 1s = no key in this row
00CE   1903           00326     BTFSC   STATUS,Z
00CF   28D3           00327     GOTO    ROW1_CHECK
00D0   20F7           00328     CALL    ROW0_KEY
00D1   00A2           00329     MOVWF   KEY_VAL             ; store returned ASCII
00D2   0008           00330     RETURN                      ; first key wins, exit
                      00331 
00D3                  00332 ROW1_CHECK
                      00333     ; ---------- Row 1: drive B5 LOW ----------
00D3   30BF           00334     MOVLW   B'10111111'
00D4   0086           00335     MOVWF   PORTB
00D5   211B           00336     CALL    DEBOUNCE
00D6   0806           00337     MOVF    PORTB,W
00D7   390F           00338     ANDLW   B'00001111'
00D8   00A3           00339     MOVWF   TEMP
00D9   3A0F           00340     XORLW   B'00001111'
00DA   1903           00341     BTFSC   STATUS,Z
00DB   28DF           00342     GOTO    ROW2_CHECK
00DC   2100           00343     CALL    ROW1_KEY
00DD   00A2           00344     MOVWF   KEY_VAL
00DE   0008           00345     RETURN
                      00346 
00DF                  00347 ROW2_CHECK
                      00348     ; ---------- Row 2: drive B6 LOW ----------
00DF   30DF           00349     MOVLW   B'11011111'
00E0   0086           00350     MOVWF   PORTB
00E1   211B           00351     CALL    DEBOUNCE
00E2   0806           00352     MOVF    PORTB,W
00E3   390F           00353     ANDLW   B'00001111'
00E4   00A3           00354     MOVWF   TEMP
00E5   3A0F           00355     XORLW   B'00001111'
00E6   1903           00356     BTFSC   STATUS,Z
00E7   28EB           00357     GOTO    ROW3_CHECK
00E8   2109           00358     CALL    ROW2_KEY
00E9   00A2           00359     MOVWF   KEY_VAL
00EA   0008           00360     RETURN
                      00361 
MPASM 5.87  /HOME/YITANI/DESKTOP/GIT/COMP325   5-18-2026  13:34:36         PAGE  8


LOC  OBJECT CODE     LINE SOURCE TEXT
  VALUE

00EB                  00362 ROW3_CHECK
                      00363     ; ---------- Row 3: drive B7 LOW ----------
00EB   30EF           00364     MOVLW   B'11101111'
00EC   0086           00365     MOVWF   PORTB
00ED   211B           00366     CALL    DEBOUNCE
00EE   0806           00367     MOVF    PORTB,W
00EF   390F           00368     ANDLW   B'00001111'
00F0   00A3           00369     MOVWF   TEMP
00F1   3A0F           00370     XORLW   B'00001111'
00F2   1903           00371     BTFSC   STATUS,Z
00F3   0008           00372     RETURN                      ; nothing pressed, KEY_VAL stays 0xFF
00F4   2112           00373     CALL    ROW3_KEY
00F5   00A2           00374     MOVWF   KEY_VAL
00F6   0008           00375     RETURN
                      00376 
                      00377 ;==========================================================
                      00378 ; Row handlers
                      00379 ; TEMP holds masked column bits (only B3-B0 valid)
                      00380 ; Returns ASCII of pressed key in W
                      00381 ; Column mapping: B0=col0, B1=col1, B2=col2, B3=col3
                      00382 ;==========================================================
00F7                  00383 ROW0_KEY                        ; row 0: 1 2 3 A
00F7   1C23           00384     BTFSS   TEMP,0
00F8   3431           00385     RETLW   '1'
00F9   1CA3           00386     BTFSS   TEMP,1
00FA   3432           00387     RETLW   '2'
00FB   1D23           00388     BTFSS   TEMP,2
00FC   3433           00389     RETLW   '3'
00FD   1DA3           00390     BTFSS   TEMP,3
00FE   3441           00391     RETLW   'A'
00FF   34FF           00392     RETLW   0xFF                ; safety fallback
                      00393 
0100                  00394 ROW1_KEY                        ; row 1: 4 5 6 B
0100   1C23           00395     BTFSS   TEMP,0
0101   3434           00396     RETLW   '4'
0102   1CA3           00397     BTFSS   TEMP,1
0103   3435           00398     RETLW   '5'
0104   1D23           00399     BTFSS   TEMP,2
0105   3436           00400     RETLW   '6'
0106   1DA3           00401     BTFSS   TEMP,3
0107   3442           00402     RETLW   'B'
0108   34FF           00403     RETLW   0xFF
                      00404 
0109                  00405 ROW2_KEY                        ; row 2: 7 8 9 C
0109   1C23           00406     BTFSS   TEMP,0
010A   3437           00407     RETLW   '7'
010B   1CA3           00408     BTFSS   TEMP,1
010C   3438           00409     RETLW   '8'
010D   1D23           00410     BTFSS   TEMP,2
010E   3439           00411     RETLW   '9'
010F   1DA3           00412     BTFSS   TEMP,3
0110   3443           00413     RETLW   'C'
0111   34FF           00414     RETLW   0xFF
MPASM 5.87  /HOME/YITANI/DESKTOP/GIT/COMP325   5-18-2026  13:34:36         PAGE  9


LOC  OBJECT CODE     LINE SOURCE TEXT
  VALUE

                      00415 
0112                  00416 ROW3_KEY                        ; row 3: * 0 # D
0112   1C23           00417     BTFSS   TEMP,0
0113   342A           00418     RETLW   '*'
0114   1CA3           00419     BTFSS   TEMP,1
0115   3430           00420     RETLW   '0'
0116   1D23           00421     BTFSS   TEMP,2
0117   3423           00422     RETLW   '#'
0118   1DA3           00423     BTFSS   TEMP,3
0119   3444           00424     RETLW   'D'
011A   34FF           00425     RETLW   0xFF
                      00426 
                      00427 ;==========================================================
                      00428 ; DEBOUNCE - small delay (~few ms) using DEB_REG
                      00429 ; Does NOT touch TEMP (important - TEMP holds column bits)
                      00430 ;==========================================================
011B                  00431 DEBOUNCE
011B   30FA           00432     MOVLW   D'250'
011C   00A4           00433     MOVWF   DEB_REG
011D                  00434 DEB_LOOP
011D   0000           00435     NOP
011E   0000           00436     NOP
011F   0BA4           00437     DECFSZ  DEB_REG,F
0120   291D           00438     GOTO    DEB_LOOP
0121   0008           00439     RETURN
                      00440 
                      00441 ;==========================================================
                      00442 ; WAIT_RELEASE - call after detecting a key, waits until
                      00443 ; the user lets go before returning. Prevents one press
                      00444 ; from being read multiple times.
                      00445 ;==========================================================
0122                  00446 WAIT_RELEASE
0122   0186           00447     CLRF    PORTB               ; drive ALL rows LOW
0123   211B           00448     CALL    DEBOUNCE
0124   0806           00449     MOVF    PORTB,W
0125   390F           00450     ANDLW   B'00001111'         ; read column bits
0126   3A0F           00451     XORLW   B'00001111'         ; all HIGH = no key held
0127   1D03           00452     BTFSS   STATUS,Z
0128   2922           00453     GOTO    WAIT_RELEASE        ; key still held, wait
0129   0008           00454     RETURN
                      00455 
012A                  00456 GET_KEY
012A   20C5           00457     CALL    SCAN_KEY            ; one scan attempt
012B   0822           00458     MOVF    KEY_VAL,W
012C   3AFF           00459     XORLW   0xFF                ; compare to "no key"
012D   1903           00460     BTFSC   STATUS,Z
012E   292A           00461     GOTO    GET_KEY             ; nothing pressed, try again
012F   2122           00462     CALL    WAIT_RELEASE        ; wait for user to let go
0130   0822           00463     MOVF    KEY_VAL,W           ; load key into W for return
0131   0008           00464     RETURN
                      00465 
                      00466 
                      00467 ; DELAYS
MPASM 5.87  /HOME/YITANI/DESKTOP/GIT/COMP325   5-18-2026  13:34:36         PAGE 10


LOC  OBJECT CODE     LINE SOURCE TEXT
  VALUE

                      00468 
0132                  00469 DELAY500MS
0132   3005           00470         MOVLW D'5'
0133   00A7           00471         MOVWF REG3
0134   307F           00472         MOVLW D'127'
0135   00A6           00473         MOVWF REG2
0136   30FF           00474         MOVLW D'255'
0137   00A5           00475         MOVWF REG1
0138   0BA5           00476         DECFSZ REG1,F
0139   2938           00477         GOTO $-1
013A   0BA6           00478         DECFSZ REG2,F
013B   2936           00479         GOTO $-5
013C   0BA7           00480         DECFSZ REG3,F
013D   2934           00481         GOTO $-9
013E   0008           00482         RETURN
                      00483 
013F                  00484 DELAY20MS
013F   3001           00485         MOVLW D'1'
0140   00A7           00486         MOVWF REG3
0141   3019           00487         MOVLW D'25'
0142   00A6           00488         MOVWF REG2
0143   30FF           00489         MOVLW D'255'
0144   00A5           00490         MOVWF REG1
0145   0BA5           00491         DECFSZ REG1,F
0146   2945           00492         GOTO $-1
0147   0BA6           00493         DECFSZ REG2,F
0148   2943           00494         GOTO $-5
0149   0BA7           00495         DECFSZ REG3,F
014A   2941           00496         GOTO $-9
014B   0008           00497         RETURN
                      00498 
014C                  00499 DELAY3MS
014C   3001           00500         MOVLW D'1'
014D   00A7           00501         MOVWF REG3
014E   3006           00502         MOVLW D'6'
014F   00A6           00503         MOVWF REG2
0150   30A6           00504         MOVLW D'166'
0151   00A5           00505                 MOVWF REG1
0152   0BA5           00506         DECFSZ REG1,F
0153   2952           00507                 GOTO $-1
0154   0BA6           00508                 DECFSZ REG2,F
0155   2950           00509                 GOTO $-5
0156   0BA7           00510                 DECFSZ REG3,F
0157   294E           00511                 GOTO $-9
0158   0008           00512         RETURN
                      00513 
0159   300A           00514 DELAY2S  MOVLW D'10'
015A   00A7           00515         MOVWF REG3
015B   30FF           00516         MOVLW D'255'
015C   00A6           00517         MOVWF REG2
015D   30FF           00518         MOVLW D'255'
015E   00A5           00519         MOVWF REG1
015F   0BA5           00520         DECFSZ REG1
MPASM 5.87  /HOME/YITANI/DESKTOP/GIT/COMP325   5-18-2026  13:34:36         PAGE 11


LOC  OBJECT CODE     LINE SOURCE TEXT
  VALUE

0160   295F           00521         GOTO $-1
0161   0BA6           00522         DECFSZ REG2
0162   295D           00523         GOTO $-5
0163   0BA7           00524         DECFSZ REG3
0164   295B           00525         GOTO   $-9
0165   0008           00526         RETURN
                      00527 
0166   301A           00528 DELAY5S MOVLW D'26'
0167   00A7           00529         MOVWF REG3
0168   30FF           00530         MOVLW D'255'
0169   00A6           00531         MOVWF REG2
016A   30FF           00532         MOVLW D'255'
016B   00A5           00533         MOVWF REG1
016C   0BA5           00534         DECFSZ REG1,F
016D   296C           00535         GOTO $-1
016E   0BA6           00536         DECFSZ REG2,F
016F   296A           00537         GOTO $-5
0170   0BA7           00538         DECFSZ REG3,F
0171   2968           00539         GOTO $-9
0172   0008           00540         RETURN
                      00541 
                      00542         END
MPASM 5.87  /HOME/YITANI/DESKTOP/GIT/COMP325   5-18-2026  13:34:36         PAGE 12


SYMBOL TABLE
  LABEL                             VALUE 

ACKDT                             00000005
ACKEN                             00000004
ACKSTAT                           00000006
ADCON0                            0000001F
ADCON1                            0000009F
ADCS0                             00000006
ADCS1                             00000007
ADCS2                             00000006
ADDEN                             00000003
ADFM                              00000007
ADIE                              00000006
ADIF                              00000006
ADON                              00000000
ADRESH                            0000001E
ADRESL                            0000009E
BCLIE                             00000003
BCLIF                             00000003
BF                                00000000
BRGH                              00000002
BUZZER_FIRE_ALARM                 0000008C
C                                 00000000
C1INV                             00000004
C1OUT                             00000006
C2INV                             00000005
C2OUT                             00000007
CCP1CON                           00000017
CCP1IE                            00000002
CCP1IF                            00000002
CCP1M0                            00000000
CCP1M1                            00000001
CCP1M2                            00000002
CCP1M3                            00000003
CCP1X                             00000005
CCP1Y                             00000004
CCP2CON                           0000001D
CCP2IE                            00000000
CCP2IF                            00000000
CCP2M0                            00000000
CCP2M1                            00000001
CCP2M2                            00000002
CCP2M3                            00000003
CCP2X                             00000005
CCP2Y                             00000004
CCPR1                             00000015
CCPR1H                            00000016
CCPR1L                            00000015
CCPR2                             0000001B
CCPR2H                            0000001C
CCPR2L                            0000001B
CHAR                              000000BC
CHECK_STATION_A_BTN               00000064
CHECK_STATION_B_BTN               0000006C
CHECK_STATION_C_BTN               00000074
MPASM 5.87  /HOME/YITANI/DESKTOP/GIT/COMP325   5-18-2026  13:34:36         PAGE 13


SYMBOL TABLE
  LABEL                             VALUE 

CHECK_TEMP                        00000086
CHS0                              00000003
CHS1                              00000004
CHS2                              00000005
CIS                               00000003
CKE                               00000006
CKP                               00000004
CM0                               00000000
CM1                               00000001
CM2                               00000002
CMCON                             0000009C
CMIE                              00000006
CMIF                              00000006
COMMAND                           000000B3
CONFI                             00000000
CONFILCD                          000000A9
CREN                              00000004
CSRC                              00000007
CURR_STATION                      0000002F
CVR0                              00000000
CVR1                              00000001
CVR2                              00000002
CVR3                              00000003
CVRCON                            0000009D
CVREN                             00000007
CVROE                             00000006
CVRR                              00000005
D                                 00000005
DATA_ADDRESS                      00000005
DC                                00000001
DEBOUNCE                          0000011B
DEB_LOOP                          0000011D
DEB_REG                           00000024
DELAY20MS                         0000013F
DELAY2S                           00000159
DELAY3MS                          0000014C
DELAY500MS                        00000132
DELAY5S                           00000166
DIV_LOOP                          000000A2
D_A                               00000005
D_NOT_A                           00000005
EEADR                             0000010D
EEADRH                            0000010F
EECON1                            0000018C
EECON2                            0000018D
EEDATA                            0000010C
EEDATH                            0000010E
EEIE                              00000004
EEIF                              00000004
EEPGD                             00000007
F                                 00000001
FERR                              00000002
FIRING                            00000092
MPASM 5.87  /HOME/YITANI/DESKTOP/GIT/COMP325   5-18-2026  13:34:36         PAGE 14


SYMBOL TABLE
  LABEL                             VALUE 

FSR                               00000004
GCEN                              00000007
GET_CURR_STATION                  0000007F
GET_KEY                           0000012A
GET_SET_CURR_STATION              0000007C
GIE                               00000007
GO                                00000002
GO_DONE                           00000002
GO_NOT_DONE                       00000002
I2C_DATA                          00000005
I2C_READ                          00000002
I2C_START                         00000003
I2C_STOP                          00000004
IBF                               00000007
IBOV                              00000005
INDF                              00000000
INIT                              0000000F
INIT_LCD                          0000001E
INTCON                            0000000B
INTE                              00000004
INTEDG                            00000006
INTF                              00000001
IRP                               00000007
KEY_COL                           00000021
KEY_ROW                           00000020
KEY_VAL                           00000022
MAIN                              00000015
NOT_A                             00000005
NOT_ADDRESS                       00000005
NOT_BO                            00000000
NOT_BOR                           00000000
NOT_DONE                          00000002
NOT_PD                            00000003
NOT_POR                           00000001
NOT_RBPU                          00000007
NOT_RC8                           00000006
NOT_T1SYNC                        00000002
NOT_TO                            00000004
NOT_TX8                           00000006
NOT_W                             00000002
NOT_WRITE                         00000002
OBF                               00000006
OERR                              00000001
ONES                              0000002B
OPTION_REG                        00000081
P                                 00000004
PASSENGERS                        00000028
PCFG0                             00000000
PCFG1                             00000001
PCFG2                             00000002
PCFG3                             00000003
PCL                               00000002
PCLATH                            0000000A
MPASM 5.87  /HOME/YITANI/DESKTOP/GIT/COMP325   5-18-2026  13:34:36         PAGE 15


SYMBOL TABLE
  LABEL                             VALUE 

PCON                              0000008E
PEIE                              00000006
PEN                               00000002
PIE1                              0000008C
PIE2                              0000008D
PIR1                              0000000C
PIR2                              0000000D
PORTA                             00000005
PORTB                             00000006
PORTC                             00000007
PORTD                             00000008
PORTE                             00000009
PR2                               00000092
PS0                               00000000
PS1                               00000001
PS2                               00000002
PSA                               00000003
PSPIE                             00000007
PSPIF                             00000007
PSPMODE                           00000004
R                                 00000002
RA0                               00000000
RA1                               00000001
RA2                               00000002
RA3                               00000003
RA4                               00000004
RA5                               00000005
RB0                               00000000
RB1                               00000001
RB2                               00000002
RB3                               00000003
RB4                               00000004
RB5                               00000005
RB6                               00000006
RB7                               00000007
RBIE                              00000003
RBIF                              00000000
RC0                               00000000
RC1                               00000001
RC2                               00000002
RC3                               00000003
RC4                               00000004
RC5                               00000005
RC6                               00000006
RC7                               00000007
RC8_9                             00000006
RC9                               00000006
RCD8                              00000000
RCEN                              00000003
RCIE                              00000005
RCIF                              00000005
RCREG                             0000001A
RCSTA                             00000018
MPASM 5.87  /HOME/YITANI/DESKTOP/GIT/COMP325   5-18-2026  13:34:36         PAGE 16


SYMBOL TABLE
  LABEL                             VALUE 

RD                                00000000
RD0                               00000000
RD1                               00000001
RD2                               00000002
RD3                               00000003
RD4                               00000004
RD5                               00000005
RD6                               00000006
RD7                               00000007
RE0                               00000000
RE1                               00000001
RE2                               00000002
READ_LM35DZ                       00000098
READ_WRITE                        00000002
REFRESH_LCD                       00000019
REG1                              00000025
REG2                              00000026
REG3                              00000027
REG4                              00000030
ROW0_KEY                          000000F7
ROW1_CHECK                        000000D3
ROW1_KEY                          00000100
ROW2_CHECK                        000000DF
ROW2_KEY                          00000109
ROW3_CHECK                        000000EB
ROW3_KEY                          00000112
RP0                               00000005
RP1                               00000006
RSEN                              00000001
RX9                               00000006
RX9D                              00000000
R_NOT_W                           00000002
R_W                               00000002
S                                 00000003
SCAN_KEY                          000000C5
SEN                               00000000
SMP                               00000007
SPBRG                             00000099
SPEN                              00000007
SPLIT_DIGITS                      0000009F
SREN                              00000005
SSPADD                            00000093
SSPBUF                            00000013
SSPCON                            00000014
SSPCON2                           00000091
SSPEN                             00000005
SSPIE                             00000003
SSPIF                             00000003
SSPM0                             00000000
SSPM1                             00000001
SSPM2                             00000002
SSPM3                             00000003
SSPOV                             00000006
MPASM 5.87  /HOME/YITANI/DESKTOP/GIT/COMP325   5-18-2026  13:34:36         PAGE 17


SYMBOL TABLE
  LABEL                             VALUE 

SSPSTAT                           00000094
STATION_A                         00000086
STATION_A_P                       0000002C
STATION_B_P                       0000002D
STATION_C_P                       0000002E
STATUS                            00000003
SYNC                              00000004
T0CS                              00000005
T0IE                              00000005
T0IF                              00000002
T0SE                              00000004
T1CKPS0                           00000004
T1CKPS1                           00000005
T1CON                             00000010
T1INSYNC                          00000002
T1OSCEN                           00000003
T1SYNC                            00000002
T2CKPS0                           00000000
T2CKPS1                           00000001
T2CON                             00000012
TEMP                              00000023
TEMP_C                            00000029
TENS                              0000002A
TEST_CLICK_A                      00000066
TEST_CLICK_B                      0000006E
TEST_CLICK_C                      00000076
TEST_RELEASE_A                    00000068
TEST_RELEASE_B                    00000070
TEST_RELEASE_C                    00000078
TMR0                              00000001
TMR0IE                            00000005
TMR0IF                            00000002
TMR1                              0000000E
TMR1CS                            00000001
TMR1H                             0000000F
TMR1IE                            00000000
TMR1IF                            00000000
TMR1L                             0000000E
TMR1ON                            00000000
TMR2                              00000011
TMR2IE                            00000001
TMR2IF                            00000001
TMR2ON                            00000002
TOUTPS0                           00000003
TOUTPS1                           00000004
TOUTPS2                           00000005
TOUTPS3                           00000006
TRISA                             00000085
TRISA0                            00000000
TRISA1                            00000001
TRISA2                            00000002
TRISA3                            00000003
TRISA4                            00000004
MPASM 5.87  /HOME/YITANI/DESKTOP/GIT/COMP325   5-18-2026  13:34:36         PAGE 18


SYMBOL TABLE
  LABEL                             VALUE 

TRISA5                            00000005
TRISB                             00000086
TRISB0                            00000000
TRISB1                            00000001
TRISB2                            00000002
TRISB3                            00000003
TRISB4                            00000004
TRISB5                            00000005
TRISB6                            00000006
TRISB7                            00000007
TRISC                             00000087
TRISC0                            00000000
TRISC1                            00000001
TRISC2                            00000002
TRISC3                            00000003
TRISC4                            00000004
TRISC5                            00000005
TRISC6                            00000006
TRISC7                            00000007
TRISD                             00000088
TRISD0                            00000000
TRISD1                            00000001
TRISD2                            00000002
TRISD3                            00000003
TRISD4                            00000004
TRISD5                            00000005
TRISD6                            00000006
TRISD7                            00000007
TRISE                             00000089
TRISE0                            00000000
TRISE1                            00000001
TRISE2                            00000002
TRMT                              00000001
TX8_9                             00000006
TX9                               00000006
TX9D                              00000000
TXD8                              00000000
TXEN                              00000005
TXIE                              00000004
TXIF                              00000004
TXREG                             00000019
TXSTA                             00000098
UA                                00000001
W                                 00000000
WAIT_ADC                          00000099
WAIT_RELEASE                      00000122
WCOL                              00000007
WR                                00000001
WREN                              00000002
WRERR                             00000003
Z                                 00000002
_BODEN_OFF                        00003FBF
_BODEN_ON                         00003FFF
MPASM 5.87  /HOME/YITANI/DESKTOP/GIT/COMP325   5-18-2026  13:34:36         PAGE 19


SYMBOL TABLE
  LABEL                             VALUE 

_BOREN_OFF                        00003FBF
_BOREN_ON                         00003FFF
_CONFIG                           00002007
_CPD_OFF                          00003FFF
_CPD_ON                           00003EFF
_CP_ALL                           00001FFF
_CP_OFF                           00003FFF
_CP_ON                            00001FFF
_DEBUG_OFF                        00003FFF
_DEBUG_ON                         000037FF
_DEVID1                           00002006
_FOSC_EXTRC                       00003FFF
_FOSC_HS                          00003FFE
_FOSC_LP                          00003FFC
_FOSC_XT                          00003FFD
_HS_OSC                           00003FFE
_IDLOC0                           00002000
_IDLOC1                           00002001
_IDLOC2                           00002002
_IDLOC3                           00002003
_LP_OSC                           00003FFC
_LVP_OFF                          00003F7F
_LVP_ON                           00003FFF
_PWRTE_OFF                        00003FFF
_PWRTE_ON                         00003FF7
_RC_OSC                           00003FFF
_WDTE_OFF                         00003FFB
_WDTE_ON                          00003FFF
_WDT_OFF                          00003FFB
_WDT_ON                           00003FFF
_WRT_1FOURTH                      00003BFF
_WRT_256                          00003DFF
_WRT_HALF                         000039FF
_WRT_OFF                          00003FFF
_XT_OSC                           00003FFD
__16F877A                         00000001


MEMORY USAGE MAP ('X' = Used,  '-' = Unused)

0000 : XXXXXXXXXXXXXXXX XXXXXXXXXXXXXXXX XXXXXXXXXXXXXXXX XXXXXXXXXXXXXXXX
0040 : XXXXXXXXXXXXXXXX XXXXXXXXXXXXXXXX XXXXXXXXXXXXXXXX XXXXXXXXXXXXXXXX
0080 : XXXXXXXXXXXXXXXX XXXXXXXXXXXXXXXX XXXXXXXXXXXXXXXX XXXXXXXXXXXXXXXX
00C0 : XXXXXXXXXXXXXXXX XXXXXXXXXXXXXXXX XXXXXXXXXXXXXXXX XXXXXXXXXXXXXXXX
0100 : XXXXXXXXXXXXXXXX XXXXXXXXXXXXXXXX XXXXXXXXXXXXXXXX XXXXXXXXXXXXXXXX
0140 : XXXXXXXXXXXXXXXX XXXXXXXXXXXXXXXX XXXXXXXXXXXXXXXX XXX-------------
MPASM 5.87  /HOME/YITANI/DESKTOP/GIT/COMP325   5-18-2026  13:34:36         PAGE 20


MEMORY USAGE MAP ('X' = Used,  '-' = Unused)


2000 : -------X-------- ---------------- ---------------- ----------------

All other memory blocks unused.

Program Memory Words Used:   371
Program Memory Words Free:  7821


Errors   :     0
Warnings :     0 reported,     0 suppressed
Messages :     0 reported,    12 suppressed

